// Jest Snapshot v1, https://goo.gl/fbAQLP

exports[`<Header> matches snapshot 1`] = `
<DocumentFragment>
  <header
    class="MuiPaper-root MuiAppBar-root MuiAppBar-positionFixed MuiAppBar-colorTransparent makeStyles-root-1 mui-fixed MuiPaper-elevation4"
  >
    <div
      class="div-root-2"
    >
      Leads Builder
    </div>
    <div
      class="MuiBox-root MuiBox-root-3"
    >
      Dashboard
    </div>
    <div
      class="MuiInputBase-root makeStyles-inputRoot-4 MuiInputBase-adornedEnd"
    >
      <input
        aria-label="search"
        class="MuiInputBase-input makeStyles-inputInput-5 MuiInputBase-inputAdornedEnd"
        placeholder="Search"
        type="text"
        value=""
      />
      <svg
        aria-hidden="true"
        class="MuiSvgIcon-root"
        color="#3381f7"
        focusable="false"
        viewBox="0 0 24 24"
      >
        <path
          d="M15.5 14h-.79l-.28-.27C15.41 12.59 16 11.11 16 9.5 16 5.91 13.09 3 9.5 3S3 5.91 3 9.5 5.91 16 9.5 16c1.61 0 3.09-.59 4.23-1.57l.27.28v.79l5 4.99L20.49 19l-4.99-5zm-6 0C7.01 14 5 11.99 5 9.5S7.01 5 9.5 5 14 7.01 14 9.5 11.99 14 9.5 14z"
        />
      </svg>
    </div>
    <div
      class="makeStyles-root-6"
    >
      <div
        class="MuiAvatar-root MuiAvatar-circle makeStyles-avatar-7 MuiAvatar-colorDefault"
      >
        U
      </div>
      <span
        class="makeStyles-username-8"
      >
        User Name
      </span>
    </div>
  </header>
</DocumentFragment>
`;
