// Jest Snapshot v1, https://goo.gl/fbAQLP

exports[`<CreateAccountForm> Rendered form matches snapshot 1`] = `[Function]`;
